cannot
cannot
cannot
cannot
cannot
cannot
cannot
can
cannot
cannot
cannot
can
cannot
cannot
cannot
cannot
cannot
can
can
cannot
