cannot
cannot
can
cannot
cannot
cannot
can
cannot
can
cannot
