unissued id
unissued id
unissued id
successfully issued
not applicable now
unissued id
unissued id
invalid info
not applicable now
invalid info
not applicable now
invalid info
not applicable now
invalid info
invalid info
invalid info
invalid info
not applicable now
invalid info
successfully issued
invalid info
not applicable now
successfully issued
not applicable now
not applicable now
successfully issued
can
successfully issued
invalid info
unissued id
unissued id
successfully issued
can
can
invalid info
unissued id
successfully issued
invalid info
unissued id
successfully issued
