invalid info
unissued id
invalid info
unissued id
unissued id
unissued id
unissued id
invalid info
invalid info
unissued id
successfully issued
unissued id
invalid info
invalid info
successfully issued
successfully disabled
successfully disabled
disabled id
invalid info
successfully issued
successfully issued
successfully disabled
successfully issued
successfully disabled
disabled id
successfully issued
invalid info
can
successfully disabled
can
can
can
not applicable now
invalid info
invalid info
not applicable now
unissued id
already used
unissued id
disabled id
