unissued id
unissued id
invalid info
successfully issued
invalid info
unissued id
successfully issued
not applicable now
invalid info
invalid info
not applicable now
successfully issued
invalid info
successfully issued
successfully issued
invalid info
not applicable now
invalid info
invalid info
not applicable now
invalid info
invalid info
invalid info
unissued id
invalid info
invalid info
invalid info
successfully updated
not applicable now
unissued id
unissued id
invalid info
invalid info
successfully issued
successfully updated
invalid info
successfully issued
can
successfully updated
invalid info
