invalid info
successfully issued
unissued id
unissued id
invalid info
unissued id
successfully issued
successfully issued
invalid info
invalid info
successfully issued
invalid info
successfully issued
successfully updated
successfully issued
not applicable now
invalid info
invalid info
not applicable now
not applicable now
successfully issued
invalid info
not applicable now
successfully updated
invalid info
successfully issued
not applicable now
successfully issued
invalid info
not applicable now
invalid info
not applicable now
successfully updated
invalid info
invalid info
not applicable now
invalid info
successfully issued
unissued id
not applicable now
successfully issued
successfully updated
unissued id
invalid info
invalid info
successfully issued
unissued id
successfully issued
successfully issued
successfully issued
successfully updated
not applicable now
invalid info
successfully issued
invalid info
unissued id
invalid info
invalid info
invalid info
unissued id
successfully issued
successfully updated
not applicable now
invalid info
invalid info
not applicable now
not applicable now
successfully issued
invalid info
successfully issued
successfully issued
successfully issued
successfully issued
not applicable now
invalid info
successfully issued
unissued id
invalid info
successfully updated
unissued id
successfully updated
not applicable now
invalid info
invalid info
not applicable now
invalid info
unissued id
successfully updated
not applicable now
successfully issued
successfully issued
invalid info
successfully issued
successfully updated
invalid info
successfully issued
invalid info
successfully issued
successfully issued
not applicable now
successfully issued
successfully issued
not applicable now
invalid info
not applicable now
not applicable now
successfully issued
successfully issued
successfully issued
successfully issued
successfully issued
not applicable now
invalid info
not applicable now
unissued id
successfully issued
not applicable now
invalid info
invalid info
successfully updated
not applicable now
successfully issued
not applicable now
invalid info
invalid info
successfully issued
invalid info
not applicable now
successfully issued
successfully issued
not applicable now
unissued id
invalid info
successfully updated
successfully updated
invalid info
successfully updated
successfully updated
invalid info
not applicable now
successfully issued
invalid info
successfully issued
successfully updated
invalid info
successfully updated
not applicable now
invalid info
unissued id
not applicable now
successfully issued
not applicable now
can
unissued id
unissued id
not applicable now
can
successfully updated
successfully issued
not applicable now
successfully updated
invalid info
not applicable now
invalid info
not applicable now
successfully issued
unissued id
successfully updated
unissued id
invalid info
not applicable now
not applicable now
unissued id
not applicable now
unissued id
invalid info
not applicable now
invalid info
successfully issued
not applicable now
invalid info
not applicable now
not applicable now
invalid info
successfully issued
not applicable now
successfully issued
successfully issued
not applicable now
not applicable now
invalid info
invalid info
not applicable now
unissued id
successfully updated
not applicable now
not applicable now
not applicable now
invalid info
not applicable now
invalid info
successfully issued
successfully issued
invalid info
unissued id
invalid info
unissued id
invalid info
successfully updated
invalid info
invalid info
unissued id
successfully issued
not applicable now
unissued id
not applicable now
successfully updated
invalid info
successfully issued
invalid info
invalid info
invalid info
successfully updated
not applicable now
invalid info
unissued id
successfully updated
unissued id
invalid info
successfully issued
successfully issued
unissued id
can
successfully issued
not applicable now
can
invalid info
successfully issued
invalid info
successfully issued
invalid info
successfully updated
not applicable now
unissued id
successfully issued
invalid info
not applicable now
invalid info
successfully updated
not applicable now
not applicable now
invalid info
successfully issued
invalid info
successfully issued
unissued id
invalid info
not applicable now
invalid info
not applicable now
not applicable now
invalid info
successfully issued
invalid info
successfully updated
invalid info
not applicable now
can
successfully issued
invalid info
unissued id
successfully issued
already used
can
invalid info
can
successfully issued
invalid info
invalid info
unissued id
invalid info
successfully updated
invalid info
invalid info
invalid info
invalid info
invalid info
successfully issued
successfully issued
not applicable now
invalid info
not applicable now
not applicable now
invalid info
successfully updated
successfully issued
can
successfully issued
invalid info
successfully issued
not applicable now
invalid info
not applicable now
invalid info
not applicable now
successfully updated
successfully issued
invalid info
successfully issued
unissued id
invalid info
invalid info
invalid info
successfully issued
invalid info
unissued id
successfully updated
invalid info
invalid info
invalid info
unissued id
not applicable now
not applicable now
invalid info
successfully issued
invalid info
not applicable now
invalid info
not applicable now
successfully issued
invalid info
already used
successfully updated
unissued id
invalid info
invalid info
invalid info
invalid info
invalid info
invalid info
not applicable now
can
can
invalid info
invalid info
invalid info
not applicable now
invalid info
successfully issued
not applicable now
invalid info
not applicable now
invalid info
successfully issued
successfully issued
unissued id
successfully issued
can
not applicable now
successfully updated
invalid info
successfully issued
invalid info
not applicable now
successfully issued
successfully updated
invalid info
not applicable now
not applicable now
invalid info
successfully issued
successfully issued
not applicable now
not applicable now
invalid info
successfully issued
successfully issued
not applicable now
unissued id
successfully issued
not applicable now
invalid info
invalid info
invalid info
invalid info
successfully issued
successfully issued
successfully issued
invalid info
invalid info
invalid info
unissued id
not applicable now
unissued id
invalid info
unissued id
not applicable now
successfully updated
can
successfully issued
not applicable now
invalid info
unissued id
invalid info
successfully issued
successfully updated
successfully issued
successfully issued
not applicable now
invalid info
invalid info
not applicable now
can
invalid info
can
not applicable now
invalid info
invalid info
successfully updated
not applicable now
successfully updated
not applicable now
invalid info
not applicable now
successfully issued
successfully issued
not applicable now
unissued id
invalid info
successfully issued
not applicable now
successfully updated
unissued id
unissued id
not applicable now
not applicable now
successfully updated
invalid info
invalid info
invalid info
unissued id
not applicable now
not applicable now
successfully issued
invalid info
not applicable now
successfully issued
successfully issued
unissued id
successfully issued
unissued id
can
successfully updated
unissued id
successfully updated
unissued id
not applicable now
not applicable now
unissued id
successfully updated
successfully updated
not applicable now
invalid info
successfully issued
successfully issued
successfully issued
not applicable now
unissued id
invalid info
successfully updated
can
unissued id
invalid info
not applicable now
invalid info
invalid info
invalid info
already used
invalid info
invalid info
successfully issued
successfully updated
unissued id
unissued id
unissued id
successfully updated
successfully issued
invalid info
unissued id
unissued id
can
invalid info
successfully issued
not applicable now
can
successfully issued
can
not applicable now
invalid info
not applicable now
invalid info
not applicable now
not applicable now
successfully issued
invalid info
unissued id
unissued id
successfully updated
invalid info
not applicable now
invalid info
can
invalid info
invalid info
not applicable now
invalid info
can
not applicable now
invalid info
invalid info
not applicable now
invalid info
not applicable now
already used
successfully updated
invalid info
invalid info
invalid info
not applicable now
invalid info
invalid info
unissued id
not applicable now
successfully updated
invalid info
successfully issued
invalid info
successfully issued
not applicable now
invalid info
invalid info
successfully issued
not applicable now
can
invalid info
not applicable now
unissued id
invalid info
successfully issued
invalid info
invalid info
not applicable now
successfully issued
successfully issued
invalid info
invalid info
can
successfully issued
successfully updated
not applicable now
unissued id
successfully updated
unissued id
successfully issued
invalid info
successfully issued
invalid info
invalid info
not applicable now
not applicable now
successfully issued
successfully updated
successfully issued
invalid info
not applicable now
successfully issued
successfully updated
not applicable now
successfully updated
unissued id
successfully issued
not applicable now
successfully issued
successfully issued
invalid info
not applicable now
successfully updated
unissued id
unissued id
unissued id
invalid info
not applicable now
successfully issued
successfully issued
not applicable now
successfully issued
not applicable now
already used
unissued id
invalid info
unissued id
successfully issued
not applicable now
invalid info
invalid info
successfully updated
invalid info
unissued id
successfully issued
can
not applicable now
not applicable now
invalid info
invalid info
invalid info
invalid info
invalid info
successfully issued
can
not applicable now
invalid info
successfully issued
can
invalid info
not applicable now
successfully issued
successfully updated
successfully issued
invalid info
not applicable now
successfully issued
successfully issued
successfully issued
invalid info
can
invalid info
successfully updated
invalid info
successfully issued
invalid info
invalid info
successfully updated
not applicable now
unissued id
successfully issued
successfully issued
invalid info
not applicable now
invalid info
not applicable now
successfully issued
invalid info
not applicable now
successfully issued
not applicable now
invalid info
successfully issued
invalid info
not applicable now
successfully issued
can
invalid info
not applicable now
successfully issued
invalid info
already used
invalid info
invalid info
not applicable now
invalid info
can
invalid info
invalid info
successfully issued
successfully issued
can
can
not applicable now
successfully issued
invalid info
can
successfully updated
successfully issued
unissued id
successfully updated
successfully updated
not applicable now
successfully updated
can
not applicable now
can
not applicable now
invalid info
successfully updated
can
not applicable now
invalid info
successfully updated
unissued id
invalid info
invalid info
successfully issued
invalid info
not applicable now
can
not applicable now
successfully issued
invalid info
successfully issued
unissued id
invalid info
not applicable now
invalid info
invalid info
can
unissued id
can
not applicable now
already used
invalid info
invalid info
invalid info
successfully updated
invalid info
successfully updated
invalid info
successfully issued
invalid info
successfully issued
not applicable now
not applicable now
invalid info
invalid info
not applicable now
invalid info
invalid info
unissued id
invalid info
invalid info
already used
not applicable now
invalid info
invalid info
unissued id
successfully issued
can
successfully issued
successfully issued
successfully issued
invalid info
invalid info
invalid info
can
invalid info
can
unissued id
not applicable now
successfully issued
can
invalid info
invalid info
already used
not applicable now
invalid info
unissued id
successfully issued
successfully updated
successfully issued
invalid info
successfully issued
not applicable now
successfully issued
invalid info
successfully issued
invalid info
unissued id
can
invalid info
can
not applicable now
can
can
unissued id
invalid info
unissued id
can
can
unissued id
not applicable now
not applicable now
can
unissued id
invalid info
can
invalid info
invalid info
successfully issued
can
not applicable now
can
not applicable now
can
successfully issued
can
not applicable now
invalid info
invalid info
invalid info
invalid info
invalid info
not applicable now
successfully issued
successfully issued
invalid info
invalid info
invalid info
unissued id
invalid info
successfully updated
invalid info
invalid info
can
invalid info
invalid info
not applicable now
can
not applicable now
invalid info
unissued id
successfully issued
can
not applicable now
successfully issued
successfully updated
invalid info
invalid info
already used
can
not applicable now
not applicable now
invalid info
unissued id
successfully issued
successfully issued
can
invalid info
invalid info
successfully updated
invalid info
can
successfully issued
unissued id
already used
invalid info
successfully updated
invalid info
not applicable now
invalid info
invalid info
successfully issued
unissued id
can
unissued id
invalid info
can
successfully issued
invalid info
invalid info
invalid info
successfully issued
can
successfully updated
invalid info
invalid info
invalid info
invalid info
successfully issued
invalid info
invalid info
invalid info
successfully issued
not applicable now
invalid info
successfully updated
successfully updated
not applicable now
invalid info
unissued id
invalid info
invalid info
not applicable now
unissued id
invalid info
successfully updated
unissued id
invalid info
not applicable now
successfully issued
invalid info
unissued id
invalid info
successfully issued
invalid info
invalid info
unissued id
not applicable now
can
invalid info
successfully updated
invalid info
invalid info
successfully issued
successfully issued
invalid info
invalid info
not applicable now
invalid info
not applicable now
invalid info
invalid info
can
successfully updated
unissued id
unissued id
unissued id
invalid info
invalid info
successfully issued
successfully issued
successfully updated
invalid info
successfully issued
invalid info
unissued id
unissued id
invalid info
can
invalid info
successfully issued
successfully updated
invalid info
not applicable now
invalid info
unissued id
invalid info
invalid info
successfully issued
invalid info
successfully issued
invalid info
invalid info
invalid info
unissued id
successfully issued
unissued id
unissued id
can
can
unissued id
invalid info
invalid info
unissued id
successfully updated
successfully issued
not applicable now
successfully issued
invalid info
invalid info
successfully issued
successfully issued
unissued id
invalid info
invalid info
invalid info
unissued id
invalid info
successfully issued
not applicable now
not applicable now
unissued id
successfully updated
can
invalid info
unissued id
successfully issued
unissued id
invalid info
can
successfully updated
not applicable now
not applicable now
not applicable now
invalid info
can
invalid info
unissued id
invalid info
successfully updated
not applicable now
unissued id
