unissued id
unissued id
invalid info
invalid info
unissued id
successfully issued
not applicable now
invalid info
not applicable now
successfully updated
not applicable now
successfully disabled
successfully issued
successfully disabled
successfully issued
successfully disabled
invalid info
invalid info
disabled id
successfully issued
invalid info
invalid info
successfully disabled
disabled id
successfully issued
successfully issued
can
already used
invalid info
not applicable now
successfully updated
invalid info
can
invalid info
already used
unissued id
invalid info
disabled id
invalid info
unissued id
