invalid info
unissued id
successfully issued
invalid info
invalid info
successfully disabled
disabled id
unissued id
disabled id
disabled id
invalid info
invalid info
unissued id
successfully issued
invalid info
successfully disabled
disabled id
unissued id
disabled id
invalid info
disabled id
invalid info
unissued id
disabled id
disabled id
unissued id
invalid info
successfully issued
successfully updated
successfully updated
successfully disabled
unissued id
disabled id
unissued id
disabled id
disabled id
unissued id
disabled id
successfully issued
successfully updated
invalid info
not applicable now
not applicable now
successfully issued
successfully issued
unissued id
invalid info
successfully disabled
invalid info
unissued id
invalid info
invalid info
successfully updated
invalid info
successfully updated
invalid info
not applicable now
not applicable now
invalid info
successfully disabled
successfully disabled
invalid info
disabled id
unissued id
successfully issued
not applicable now
not applicable now
not applicable now
invalid info
invalid info
successfully disabled
invalid info
unissued id
disabled id
successfully issued
invalid info
invalid info
invalid info
successfully updated
invalid info
invalid info
not applicable now
not applicable now
successfully issued
invalid info
not applicable now
invalid info
not applicable now
successfully updated
not applicable now
disabled id
not applicable now
successfully disabled
invalid info
not applicable now
successfully disabled
disabled id
invalid info
successfully issued
invalid info
not applicable now
successfully disabled
unissued id
invalid info
successfully issued
not applicable now
successfully disabled
invalid info
disabled id
unissued id
invalid info
disabled id
invalid info
disabled id
successfully issued
successfully disabled
disabled id
unissued id
successfully issued
not applicable now
successfully issued
unissued id
not applicable now
invalid info
not applicable now
successfully issued
successfully issued
not applicable now
successfully disabled
not applicable now
not applicable now
successfully disabled
not applicable now
successfully disabled
not applicable now
invalid info
successfully updated
successfully disabled
invalid info
successfully issued
invalid info
successfully updated
can
invalid info
already used
already used
disabled id
invalid info
successfully issued
successfully issued
successfully disabled
successfully issued
invalid info
successfully updated
invalid info
not applicable now
successfully issued
invalid info
not applicable now
successfully disabled
invalid info
not applicable now
successfully disabled
successfully issued
invalid info
successfully updated
disabled id
successfully issued
successfully issued
invalid info
successfully disabled
not applicable now
successfully disabled
successfully disabled
successfully disabled
successfully issued
not applicable now
not applicable now
successfully disabled
can
successfully issued
invalid info
invalid info
invalid info
successfully disabled
unissued id
successfully issued
successfully disabled
successfully issued
invalid info
disabled id
successfully disabled
successfully issued
not applicable now
invalid info
successfully updated
successfully disabled
invalid info
invalid info
successfully issued
successfully updated
successfully disabled
invalid info
successfully issued
successfully issued
invalid info
successfully updated
successfully issued
successfully disabled
invalid info
successfully issued
successfully disabled
not applicable now
successfully issued
invalid info
can
successfully issued
successfully issued
can
invalid info
invalid info
invalid info
invalid info
not applicable now
invalid info
unissued id
invalid info
already used
successfully updated
can
already used
successfully issued
successfully updated
invalid info
successfully disabled
successfully disabled
disabled id
invalid info
successfully issued
invalid info
successfully disabled
successfully disabled
successfully issued
successfully updated
invalid info
unissued id
already used
successfully issued
unissued id
successfully updated
successfully disabled
successfully disabled
successfully disabled
disabled id
unissued id
successfully issued
successfully disabled
invalid info
invalid info
unissued id
successfully issued
successfully disabled
disabled id
successfully issued
not applicable now
invalid info
successfully updated
successfully disabled
disabled id
unissued id
successfully issued
successfully updated
successfully disabled
successfully issued
successfully disabled
invalid info
successfully issued
successfully issued
successfully disabled
not applicable now
invalid info
successfully issued
not applicable now
invalid info
not applicable now
not applicable now
not applicable now
not applicable now
invalid info
unissued id
successfully issued
successfully updated
disabled id
successfully issued
successfully disabled
invalid info
not applicable now
invalid info
successfully disabled
successfully issued
disabled id
successfully updated
not applicable now
successfully disabled
unissued id
invalid info
not applicable now
not applicable now
invalid info
not applicable now
successfully updated
successfully disabled
successfully disabled
successfully issued
successfully disabled
invalid info
unissued id
disabled id
successfully issued
not applicable now
successfully disabled
invalid info
invalid info
successfully issued
invalid info
successfully disabled
invalid info
disabled id
successfully issued
successfully disabled
successfully issued
invalid info
can
invalid info
can
invalid info
invalid info
invalid info
already used
unissued id
successfully issued
disabled id
unissued id
successfully issued
disabled id
invalid info
can
not applicable now
already used
invalid info
invalid info
successfully disabled
successfully updated
successfully updated
successfully issued
invalid info
successfully updated
not applicable now
successfully disabled
invalid info
successfully issued
successfully disabled
successfully updated
can
invalid info
invalid info
successfully issued
can
already used
successfully updated
invalid info
already used
successfully disabled
invalid info
unissued id
disabled id
invalid info
unissued id
successfully issued
successfully issued
successfully updated
successfully disabled
successfully disabled
successfully issued
unissued id
successfully disabled
unissued id
successfully issued
invalid info
not applicable now
invalid info
not applicable now
invalid info
not applicable now
not applicable now
invalid info
invalid info
successfully disabled
invalid info
invalid info
invalid info
disabled id
disabled id
successfully issued
successfully issued
can
successfully issued
not applicable now
can
successfully issued
not applicable now
already used
not applicable now
not applicable now
successfully disabled
successfully disabled
successfully disabled
successfully issued
successfully disabled
unissued id
invalid info
unissued id
invalid info
disabled id
unissued id
successfully issued
successfully issued
successfully updated
invalid info
invalid info
successfully disabled
successfully updated
invalid info
successfully disabled
disabled id
unissued id
disabled id
invalid info
successfully issued
successfully disabled
invalid info
successfully issued
unissued id
invalid info
not applicable now
successfully disabled
unissued id
disabled id
disabled id
can
successfully issued
unissued id
invalid info
successfully disabled
disabled id
unissued id
successfully issued
successfully issued
successfully disabled
invalid info
invalid info
invalid info
invalid info
disabled id
successfully disabled
unissued id
disabled id
invalid info
successfully issued
disabled id
successfully disabled
unissued id
disabled id
invalid info
unissued id
invalid info
successfully issued
invalid info
successfully updated
successfully disabled
disabled id
successfully issued
disabled id
successfully issued
successfully disabled
successfully issued
successfully disabled
successfully issued
invalid info
invalid info
can
successfully issued
invalid info
not applicable now
invalid info
successfully disabled
already used
successfully disabled
successfully issued
invalid info
not applicable now
successfully disabled
successfully issued
successfully disabled
successfully issued
invalid info
invalid info
not applicable now
not applicable now
successfully disabled
unissued id
unissued id
disabled id
disabled id
unissued id
disabled id
disabled id
disabled id
successfully issued
successfully disabled
disabled id
disabled id
invalid info
successfully issued
successfully disabled
successfully issued
successfully updated
invalid info
successfully issued
disabled id
successfully disabled
not applicable now
invalid info
not applicable now
not applicable now
successfully disabled
successfully issued
invalid info
invalid info
not applicable now
successfully updated
invalid info
successfully issued
can
not applicable now
successfully issued
unissued id
not applicable now
successfully issued
successfully updated
invalid info
not applicable now
successfully updated
invalid info
not applicable now
not applicable now
already used
disabled id
successfully issued
successfully issued
not applicable now
disabled id
not applicable now
not applicable now
can
invalid info
successfully issued
successfully disabled
successfully disabled
successfully updated
invalid info
can
can
invalid info
unissued id
invalid info
successfully disabled
invalid info
not applicable now
invalid info
successfully updated
already used
invalid info
can
invalid info
not applicable now
unissued id
successfully disabled
successfully issued
successfully disabled
already used
successfully issued
not applicable now
not applicable now
invalid info
successfully issued
successfully disabled
successfully updated
unissued id
successfully issued
successfully issued
already used
successfully disabled
disabled id
not applicable now
disabled id
invalid info
can
successfully disabled
already used
disabled id
successfully updated
successfully disabled
not applicable now
successfully updated
invalid info
successfully disabled
successfully issued
successfully disabled
invalid info
disabled id
successfully issued
invalid info
successfully updated
successfully issued
not applicable now
successfully disabled
successfully updated
successfully issued
successfully disabled
disabled id
successfully disabled
invalid info
successfully issued
successfully disabled
invalid info
invalid info
disabled id
disabled id
invalid info
unissued id
disabled id
disabled id
unissued id
unissued id
successfully issued
successfully updated
successfully issued
invalid info
invalid info
successfully disabled
invalid info
successfully disabled
unissued id
invalid info
disabled id
disabled id
invalid info
unissued id
invalid info
successfully issued
successfully disabled
invalid info
disabled id
unissued id
disabled id
disabled id
disabled id
successfully issued
not applicable now
not applicable now
invalid info
successfully updated
successfully updated
can
already used
invalid info
successfully issued
not applicable now
successfully disabled
successfully issued
successfully updated
disabled id
invalid info
invalid info
successfully updated
not applicable now
successfully disabled
unissued id
disabled id
unissued id
successfully issued
invalid info
unissued id
not applicable now
disabled id
successfully disabled
unissued id
unissued id
disabled id
disabled id
invalid info
unissued id
unissued id
successfully issued
invalid info
successfully disabled
unissued id
disabled id
disabled id
successfully issued
not applicable now
successfully issued
not applicable now
successfully issued
invalid info
invalid info
can
can
already used
invalid info
unissued id
invalid info
invalid info
successfully disabled
unissued id
invalid info
already used
can
unissued id
can
successfully issued
invalid info
not applicable now
not applicable now
successfully disabled
successfully issued
invalid info
invalid info
unissued id
invalid info
successfully updated
successfully issued
already used
disabled id
not applicable now
not applicable now
already used
invalid info
not applicable now
not applicable now
invalid info
successfully disabled
invalid info
already used
unissued id
invalid info
not applicable now
invalid info
successfully issued
not applicable now
successfully issued
invalid info
not applicable now
successfully disabled
successfully disabled
disabled id
successfully disabled
unissued id
can
successfully issued
invalid info
successfully disabled
invalid info
successfully issued
successfully updated
successfully disabled
unissued id
disabled id
invalid info
successfully issued
successfully issued
invalid info
successfully disabled
successfully issued
successfully issued
successfully disabled
successfully updated
disabled id
successfully disabled
successfully disabled
invalid info
successfully issued
successfully updated
successfully disabled
successfully issued
successfully updated
not applicable now
successfully disabled
successfully issued
invalid info
not applicable now
successfully disabled
successfully issued
successfully disabled
invalid info
successfully issued
invalid info
not applicable now
successfully disabled
invalid info
invalid info
disabled id
can
unissued id
unissued id
disabled id
disabled id
successfully issued
invalid info
invalid info
disabled id
can
invalid info
unissued id
invalid info
invalid info
invalid info
invalid info
invalid info
can
can
already used
unissued id
unissued id
disabled id
successfully issued
successfully updated
successfully issued
disabled id
unissued id
invalid info
successfully updated
invalid info
successfully issued
not applicable now
successfully issued
successfully updated
successfully disabled
successfully issued
invalid info
invalid info
successfully disabled
invalid info
successfully issued
successfully disabled
successfully updated
successfully updated
successfully updated
successfully disabled
invalid info
successfully disabled
disabled id
successfully issued
successfully issued
successfully updated
can
successfully issued
successfully disabled
already used
invalid info
successfully disabled
successfully updated
invalid info
successfully issued
unissued id
invalid info
already used
invalid info
successfully disabled
invalid info
successfully issued
not applicable now
invalid info
invalid info
invalid info
successfully disabled
successfully disabled
invalid info
successfully issued
can
invalid info
can
can
already used
disabled id
can
invalid info
already used
already used
invalid info
unissued id
unissued id
successfully issued
successfully updated
invalid info
successfully disabled
successfully issued
invalid info
successfully disabled
unissued id
invalid info
unissued id
unissued id
disabled id
invalid info
invalid info
invalid info
unissued id
invalid info
invalid info
unissued id
invalid info
unissued id
invalid info
unissued id
unissued id
disabled id
invalid info
disabled id
disabled id
disabled id
unissued id
disabled id
unissued id
successfully issued
invalid info
successfully issued
successfully disabled
invalid info
successfully issued
successfully disabled
invalid info
invalid info
invalid info
successfully disabled
invalid info
disabled id
successfully issued
invalid info
invalid info
successfully disabled
unissued id
unissued id
unissued id
successfully issued
successfully disabled
successfully issued
invalid info
successfully issued
successfully disabled
successfully disabled
successfully issued
successfully updated
successfully disabled
invalid info
successfully issued
successfully disabled
successfully issued
successfully disabled
unissued id
invalid info
invalid info
disabled id
disabled id
invalid info
unissued id
successfully issued
not applicable now
invalid info
successfully disabled
invalid info
invalid info
invalid info
disabled id
unissued id
disabled id
invalid info
unissued id
disabled id
disabled id
successfully issued
invalid info
successfully disabled
disabled id
unissued id
successfully issued
invalid info
invalid info
successfully issued
